> Task :app:preBuild UP-TO-DATE
> Task :app:preDebugBuild UP-TO-DATE
> Task :app:mergeDebugNativeDebugMetadata NO-SOURCE
> Task :app:checkKotlinGradlePluginConfigurationErrors SKIPPED
> Task :app:checkDebugAarMetadata UP-TO-DATE
> Task :app:generateDebugResValues UP-TO-DATE
> Task :app:mapDebugSourceSetPaths UP-TO-DATE
> Task :app:generateDebugResources UP-TO-DATE
> Task :app:mergeDebugResources UP-TO-DATE
> Task :app:packageDebugResources UP-TO-DATE
> Task :app:parseDebugLocalResources UP-TO-DATE
> Task :app:createDebugCompatibleScreenManifests UP-TO-DATE
> Task :app:extractDeepLinksDebug UP-TO-DATE
> Task :app:processDebugMainManifest UP-TO-DATE
> Task :app:processDebugManifest UP-TO-DATE
> Task :app:processDebugManifestForPackage UP-TO-DATE
> Task :app:processDebugResources UP-TO-DATE
> Task :app:javaPreCompileDebug UP-TO-DATE
> Task :app:mergeDebugShaders UP-TO-DATE
> Task :app:compileDebugShaders NO-SOURCE
> Task :app:generateDebugAssets UP-TO-DATE
> Task :app:mergeDebugAssets UP-TO-DATE
> Task :app:compressDebugAssets UP-TO-DATE
> Task :app:checkDebugDuplicateClasses UP-TO-DATE
> Task :app:desugarDebugFileDependencies UP-TO-DATE
> Task :app:mergeExtDexDebug UP-TO-DATE
> Task :app:mergeLibDexDebug UP-TO-DATE
> Task :app:mergeDebugJniLibFolders UP-TO-DATE
> Task :app:mergeDebugNativeLibs NO-SOURCE
> Task :app:stripDebugDebugSymbols NO-SOURCE
> Task :app:validateSigningDebug UP-TO-DATE
> Task :app:writeDebugAppMetadata UP-TO-DATE
> Task :app:writeDebugSigningConfigVersions UP-TO-DATE

> Task :app:compileDebugKotlin FAILED
.\gradlew.bat : e: file:///
C:/Users/123/Downloads/RA2W
ebOnPhone/app/src/main/java
/com/ra2/webonphone/MainAct
ivity.kt:148:70 Argument ty
pe mismatch: actual type is
 'kotlin.String?', but 'kot
lin.String' was expected.
所在位置 行:1 字符: 1
+ .\gradlew.bat :app:assemb
leDebug --console=plain 2>&
1 | Tee-Object -F ...
+ ~~~~~~~~~~~~~~~~~~~~~~~~~
~~~~~~~~~~~~~~~~~~~~~~~~~~~
~
    + CategoryInfo         
     : NotSpecified: (e:   
  file:///C:/U...' was e   
 xpected.:String) [], R    
emoteException
    + FullyQualifiedErrorI 
   d : NativeCommandError
 
e: file:///C:/Users/123/Dow
nloads/RA2WebOnPhone/app/sr
c/main/java/com/ra2/webonph
one/MainActivity.kt:151:84 
Argument type mismatch: act
ual type is 'kotlin.String?
', but 'kotlin.String' was 
expected.
e: file:///C:/Users/123/Dow
nloads/RA2WebOnPhone/app/sr
c/main/java/com/ra2/webonph
one/MainActivity.kt:273:34 
Argument type mismatch: act
ual type is 'kotlin.String?
', but 'kotlin.String' was 
expected.

FAILURE: Build failed with 
an exception.

* What went wrong:
Execution failed for task '
:app:compileDebugKotlin'.
> A failure occurred while 
executing org.jetbrains.kot
lin.compilerRunner.GradleCo
mpilerRunnerWithWorkers$Gra
dleKotlinCompilerWorkAction
   > Compilation error. See
 log for more details

* Try:
> Run with --stacktrace opt
ion to get the stack trace.
> Run with --info or --debu
g option to get more log ou
tput.
> Run with --scan to get fu
ll insights.
> Get more help at https://
help.gradle.org.

BUILD FAILED in 2s
26 actionable tasks: 1 executed, 25 up-to-date
